
> sessionInfo()
R version 4.1.3 (2022-03-10)
Platform: x86_64-apple-darwin17.0 (64-bit)
Running under: macOS Monterey 12.4

Matrix products: default
LAPACK: /Library/Frameworks/R.framework/Versions/4.1/Resources/lib/libRlapack.dylib

locale:
[1] en_US.UTF-8/en_US.UTF-8/en_US.UTF-8/C/en_US.UTF-8/en_US.UTF-8

attached base packages:
[1] stats     graphics  grDevices utils     datasets  methods   base     

other attached packages:
 [1] rcompanion_2.4.15 stargazer_5.2.3   forcats_0.5.1     stringr_1.4.0     dplyr_1.0.9       purrr_0.3.4      
 [7] readr_2.1.2       tidyr_1.2.0       tibble_3.1.7      ggplot2_3.3.6     tidyverse_1.3.1  

loaded via a namespace (and not attached):
 [1] matrixStats_0.62.0 fs_1.5.2           lubridate_1.8.0    httr_1.4.3         tools_4.1.3        backports_1.4.1   
 [7] utf8_1.2.2         R6_2.5.1           nortest_1.0-4      DBI_1.1.2          colorspace_2.0-3   withr_2.5.0       
[13] tidyselect_1.1.2   Exact_3.1          compiler_4.1.3     cli_3.3.0          rvest_1.0.2        expm_0.999-6      
[19] xml2_1.3.3         sandwich_3.0-1     scales_1.2.0       lmtest_0.9-40      mvtnorm_1.1-3      proxy_0.4-26      
[25] multcompView_0.1-8 digest_0.6.29      rmarkdown_2.14     pkgconfig_2.0.3    htmltools_0.5.2    dbplyr_2.1.1      
[31] fastmap_1.1.0      rlang_1.0.2        readxl_1.4.0       rstudioapi_0.13    generics_0.1.2     zoo_1.8-10        
[37] jsonlite_1.8.0     magrittr_2.0.3     modeltools_0.2-23  Matrix_1.4-1       Rcpp_1.0.8.3       DescTools_0.99.45 
[43] munsell_0.5.0      fansi_1.0.3        lifecycle_1.0.1    stringi_1.7.6      multcomp_1.4-19    yaml_2.3.5        
[49] MASS_7.3-57        rootSolve_1.8.2.3  plyr_1.8.7         grid_4.1.3         parallel_4.1.3     crayon_1.5.1      
[55] lmom_2.9           lattice_0.20-45    haven_2.5.0        splines_4.1.3      hms_1.1.1          knitr_1.39        
[61] pillar_1.7.0       boot_1.3-28        gld_2.6.4          codetools_0.2-18   stats4_4.1.3       reprex_2.0.1      
[67] glue_1.6.2         evaluate_0.15      data.table_1.14.2  modelr_0.1.8       vctrs_0.4.1        tzdb_0.3.0        
[73] cellranger_1.1.0   gtable_0.3.0       assertthat_0.2.1   xfun_0.31          coin_1.4-2         libcoin_1.0-9     
[79] broom_0.8.0        e1071_1.7-9        class_7.3-20       survival_3.3-1     TH.data_1.1-1      ellipsis_0.3.2    

> save.image(file = "Environment.RData") #we saved all the Data-Enviroment in a file .RData, then it's enough recall it to use in the presentation and .... [TRUNCATED] 

> library(tidyverse)

> library(stargazer)

> library(rcompanion)

> # --------------------------------------------------------------------------------------------------------------
> #1. we're creating a DataFrame
>  .... [TRUNCATED] 

> implemented = c(rep('No', 15), rep('Yes', 3))

> author = c('Kaitz',
+            'Mincer',
+            'Gramlich',
+            'Welch',
+            'Ragan',
+            'Wachter and Kim',
+    .... [TRUNCATED] 

> year = c(
+   1970, 1976, 1976, 1976, 1977, 
+   1979, 1980, 1981, 1981, 1981,
+   1983, 1981, 1985, 1991, 1992,
+   2012, 2011, 2015 )

> t_stat = c(
+   2.30, 2.41, 1.41, 2.22, 1.52,
+   2.17, 4.43, 1.70, 1.04, 2.12,
+   1.92, 1.63, 2.78, 1.41, 0.45,
+   2.15, 1.97, 1.46)

> df = c(49, 58, 106, 53, 31, 56, 93, 54, 95, 93, 92, 94, 86, 114, 123, 157, 105, 128)

> coef = c(
+   0.098, 0.231, 0.094, 0.178, 0.065,
+   0.252, 0.226, 0.052, 0.213, 0.139,
+   0.096, 0.121, 0.098, 0.066, 0.052,
+   0.270, 0.098, 0.0 .... [TRUNCATED] 

> teen_subsample = c(NA,NA,NA,NA,NA,NA,NA,NA,NA,NA,NA,NA,NA,NA,NA, 1, 1, 1) # 4

> log_spec = c(
+   0, 0, 1, 1, 1,
+   1, 0, 1, 1, 0,
+   1, 1, 1, 1, 1,
+   1, 1, 1)

> no_exp_var = c(10, 5, 17, 6, 8, 11, 10, 9, 8, 10, 11, 5, 17, 17, 5, 8, 6, 10)

> autoreg_correction = c(0, 1, 1, 0, 1, 0, 1, 1, 0, 1, 0, 1, 1, 1, 1, 1, 1, 1)

> dt = data.frame(id_num, implemented, author, year, t_stat, df, coef, teen_subsample, log_spec, no_exp_var, autoreg_correction)

> dt$error = dt$coef / dt$t_stat

> dt$sqrt_df = sqrt(dt$df)

> dt$l_sqrt_df = log(dt$sqrt_df)

> save(dt, file = "DataFrame.RData")

> #now we're going to reproduce the old model predict in the paper and then we'll calculate the implemented ones.
> # -------------------------------- .... [TRUNCATED] 

> model_2_old = lm(log(t_stat) ~ l_sqrt_df + autoreg_correction + log_spec,
+                  data = dt[1:15,])

> model_3_old = lm(log(t_stat) ~ l_sqrt_df + autoreg_correction + log_spec + no_exp_var,
+                  data = dt[1:15,])

> model_1_new = lm(log(t_stat) ~ l_sqrt_df,
+                  data = dt)

> model_2_new = lm(log(t_stat) ~ l_sqrt_df + autoreg_correction + log_spec,
+                  data = dt)

> model_3_new = lm(log(t_stat) ~ l_sqrt_df + autoreg_correction + log_spec + no_exp_var,
+                  data = dt)

> model_1_old_sub1 = lm(log(t_stat) ~ l_sqrt_df,
+                       data = dt[1:15,] %>% filter(year <= 1982))

> model_2_old_sub1 = lm(log(t_stat) ~ l_sqrt_df + autoreg_correction + log_spec,
+                       data = dt[1:15,] %>% filter(year <= 1982))

> model_3_old_sub1 = lm(log(t_stat) ~ l_sqrt_df + autoreg_correction + log_spec + no_exp_var,
+                       data = dt[1:15,] %>% filter(year .... [TRUNCATED] 

> model_1_old_sub2 = lm(log(t_stat) ~ l_sqrt_df,
+                       data = dt[1:15,] %>% filter(id_num != 7))

> model_2_old_sub2 = lm(log(t_stat) ~ l_sqrt_df + autoreg_correction + log_spec,
+                       data = dt[1:15,] %>% filter(id_num != 7))

> model_3_old_sub2 = lm(log(t_stat) ~ l_sqrt_df + autoreg_correction + log_spec + no_exp_var,
+                       data = dt[1:15,] %>% filter(id_n .... [TRUNCATED] 

> model_1_new_sub2 = lm(log(t_stat) ~ l_sqrt_df,
+                       data = dt %>% filter(id_num != 7))

> model_2_new_sub2 = lm(log(t_stat) ~ l_sqrt_df + autoreg_correction + log_spec,
+                       data = dt %>% filter(id_num != 7))

> model_3_new_sub2 = lm(log(t_stat) ~ l_sqrt_df + autoreg_correction + log_spec + no_exp_var,
+                       data = dt %>% filter(id_num != 7 .... [TRUNCATED] 

> model_1_old_sub3 = lm(log(t_stat) ~ l_sqrt_df,
+                       data = dt[1:15,] %>% filter(log_spec == 1))

> model_2_old_sub3 = lm(log(t_stat) ~ l_sqrt_df + autoreg_correction + log_spec,
+                       data = dt[1:15,] %>% filter(log_spec == 1))

> model_3_old_sub3 = lm(log(t_stat) ~ l_sqrt_df + autoreg_correction + log_spec + no_exp_var,
+                       data = dt[1:15,] %>% filter(log_ .... [TRUNCATED] 

> model_1_new_sub3 = lm(log(t_stat) ~ l_sqrt_df,
+                       data = dt %>% filter(log_spec == 1))

> model_2_new_sub3 = lm(log(t_stat) ~ l_sqrt_df + autoreg_correction + log_spec,
+                       data = dt %>% filter(log_spec == 1))

> model_3_new_sub3 = lm(log(t_stat) ~ l_sqrt_df + autoreg_correction + log_spec + no_exp_var,
+                       data = dt %>% filter(log_spec == .... [TRUNCATED] 

> # --------------------------------------------------------------------------------------------------------------
> #3- graphs 
> 
> fig_1_old = ggpl .... [TRUNCATED] 

> fig_2_old = ggplot(dt[1:15, ], aes(x = error, y = coef)) +
+   geom_point(aes(color = as.factor(implemented))) +
+   geom_line(aes(y = 2 * error)) + .... [TRUNCATED] 

> fig_1_new = ggplot(dt, aes(x = sqrt_df, y = t_stat)) +
+   geom_point(aes(color = as.factor(implemented))) +
+   geom_text(aes(label = id_num), hjus .... [TRUNCATED] 

> fig_2_new = ggplot(dt, aes(x = error, y = coef)) +
+   geom_point(aes(color = as.factor(implemented))) +
+   geom_line(aes(y = 2 * error)) +
+   geo .... [TRUNCATED] 

> # --------------------------------------------------------------------------------------------------------------
> #4- tables
> 
> tbl1 = stargazer( .... [TRUNCATED] 

\begin{table}[!htbp] \centering 
  \caption{} 
  \label{} 
\footnotesize 
\begin{tabular}{@{\extracolsep{5pt}}lccc} 
\\[-1.8ex]\hline 
\hline \\[-1.8ex] 
 & \multicolumn{3}{c}{\textit{Dependent variable:}} \\ 
\cline{2-4} 
\\[-1.8ex] & \multicolumn{3}{c}{log(t\_stat)} \\ 
\\[-1.8ex] & (1) & (2) & (3)\\ 
\hline \\[-1.8ex] 
 l\_sqrt\_df & $-$0.81 & $-$0.64 & $-$0.94 \\ 
  & (0.69) & (0.66) & (0.62) \\ 
  autoreg\_correction &  & $-$0.07 & $-$0.11 \\ 
  &  & (0.27) & (0.24) \\ 
  log\_spec &  & $-$0.55$^{*}$ & $-$0.63$^{**}$ \\ 
  &  & (0.28) & (0.26) \\ 
  no\_exp\_var &  &  & 0.05$^{*}$ \\ 
  &  &  & (0.03) \\ 
  Constant & 2.31 & 2.41 & 2.61$^{*}$ \\ 
  & (1.49) & (1.40) & (1.27) \\ 
 \hline \\[-1.8ex] 
Observations & 15 & 15 & 15 \\ 
R$^{2}$ & 0.10 & 0.33 & 0.50 \\ 
Adjusted R$^{2}$ & 0.03 & 0.15 & 0.30 \\ 
Residual Std. Error & 0.50 (df = 13) & 0.47 (df = 11) & 0.43 (df = 10) \\ 
F Statistic & 1.37 (df = 1; 13) & 1.83 (df = 3; 11) & 2.51 (df = 4; 10) \\ 
\hline 
\hline \\[-1.8ex] 
\textit{Note:}  & \multicolumn{3}{r}{$^{*}$p$<$0.1; $^{**}$p$<$0.05; $^{***}$p$<$0.01} \\ 
\end{tabular} 
\end{table} 

> tbl1 = sub('^.+\\caption.+$','', tbl1)

> tbl2 = stargazer(model_1_new, model_2_new, model_3_new, type = 'latex', digits = 2, header = F,
+                  font.size = 'footnotesize', no.sp .... [TRUNCATED] 

\begin{table}[!htbp] \centering 
  \caption{} 
  \label{} 
\footnotesize 
\begin{tabular}{@{\extracolsep{5pt}}lccc} 
\\[-1.8ex]\hline 
\hline \\[-1.8ex] 
 & \multicolumn{3}{c}{\textit{Dependent variable:}} \\ 
\cline{2-4} 
\\[-1.8ex] & \multicolumn{3}{c}{log(t\_stat)} \\ 
\\[-1.8ex] & (1) & (2) & (3)\\ 
\hline \\[-1.8ex] 
 l\_sqrt\_df & $-$0.54 & $-$0.32 & $-$0.40 \\ 
  & (0.55) & (0.56) & (0.56) \\ 
  autoreg\_correction &  & $-$0.03 & $-$0.03 \\ 
  &  & (0.25) & (0.25) \\ 
  log\_spec &  & $-$0.50$^{*}$ & $-$0.53$^{*}$ \\ 
  &  & (0.26) & (0.26) \\ 
  no\_exp\_var &  &  & 0.03 \\ 
  &  &  & (0.03) \\ 
  Constant & 1.76 & 1.68 & 1.59 \\ 
  & (1.21) & (1.17) & (1.15) \\ 
 \hline \\[-1.8ex] 
Observations & 18 & 18 & 18 \\ 
R$^{2}$ & 0.06 & 0.26 & 0.33 \\ 
Adjusted R$^{2}$ & $-$0.001 & 0.10 & 0.12 \\ 
Residual Std. Error & 0.47 (df = 16) & 0.44 (df = 14) & 0.44 (df = 13) \\ 
F Statistic & 0.98 (df = 1; 16) & 1.60 (df = 3; 14) & 1.58 (df = 4; 13) \\ 
\hline 
\hline \\[-1.8ex] 
\textit{Note:}  & \multicolumn{3}{r}{$^{*}$p$<$0.1; $^{**}$p$<$0.05; $^{***}$p$<$0.01} \\ 
\end{tabular} 
\end{table} 

> tbl2 = sub('^.+\\caption.+$','', tbl2)

> # --------------------------------------------------------------------------------------------------------------
> sink(file="session_info.txt")
